Prune-Deep Forest distance-matrix grid search
input_distance_matrix	/Users/akim/Documents/projects/phylogenetics/distphylo/getforest/distance_matrix_8tips.tsv
taxa	8
distance_source	user_supplied_precomputed_matrix
distance_model	unspecified_by_program
grid_mode	NJ-informed automatic
NJ_inferred_internal_branches	0.100,0.100,0.100,0.100,0.400
tau	median(NJ internal branches)/4=0.025; multipliers=[0.250,0.500,1.000,1.500,2.000]
tau_values_initial	0.006,0.013,0.025,0.038,0.050
tau_values_final	0.003,0.006,0.013,0.025,0.038,0.050
tau_refinement_rounds_used	1
m	NJ chord depth=0.700; multipliers=[0.500,1.000,1.500]
NJ_split_chord_depths	0.300,0.300,0.300,0.300,0.700
m_values	0.350,0.700,1.050
M	M_base=2*m+3*tau; multipliers=[1.050, 1.250, 1.500]
grid_points_initial_raw	45
grid_points_initial_discarded	0
grid_points_initial_tested	45
nj_tree	(((A:0.050,B:0.050)Inner1:0.100,(D:0.050,C:0.050)Inner2:0.100)Inner3:0.400,(F:0.050,E:0.050)Inner4:0.100,(H:0.050,G:0.050)Inner5:0.100)Inner6:0.000;
theorem_condition	M>3*tau; m>3*tau; M>2*m+3*tau
selection	maximum total compatible nontrivial split_count; forest split_count is summed across components; tie -> fewer components, then earlier grid point
grid_points_raw_total	54
grid_points_discarded_by_theorem_filter	0
grid_points_tested	54
elapsed_seconds	0.016

grid_index	M	m	tau	split_compatible	num_components	component_sizes	total_split_count	component_split_counts
1	0.755	0.350	0.006	1	2	4,4	2	1,1
2	0.898	0.350	0.006	1	2	4,4	2	1,1
3	1.078	0.350	0.006	1	2	4,4	2	1,1
4	1.490	0.700	0.006	1	2	4,4	2	1,1
5	1.773	0.700	0.006	1	2	4,4	2	1,1
6	2.128	0.700	0.006	1	2	4,4	2	1,1
7	2.225	1.050	0.006	1	1	8	5	5
8	2.648	1.050	0.006	1	1	8	5	5
9	3.178	1.050	0.006	1	1	8	5	5
10	0.774	0.350	0.013	1	2	4,4	2	1,1
11	0.922	0.350	0.013	1	2	4,4	2	1,1
12	1.106	0.350	0.013	1	2	4,4	2	1,1
13	1.509	0.700	0.013	1	2	4,4	2	1,1
14	1.797	0.700	0.013	1	2	4,4	2	1,1
15	2.156	0.700	0.013	1	2	4,4	2	1,1
16	2.244	1.050	0.013	1	1	8	5	5
17	2.672	1.050	0.013	1	1	8	5	5
18	3.206	1.050	0.013	1	1	8	5	5
19	0.814	0.350	0.025	1	2	4,4	2	1,1
20	0.969	0.350	0.025	1	2	4,4	2	1,1
21	1.163	0.350	0.025	1	2	4,4	2	1,1
22	1.549	0.700	0.025	1	2	4,4	2	1,1
23	1.844	0.700	0.025	1	2	4,4	2	1,1
24	2.212	0.700	0.025	1	2	4,4	2	1,1
25	2.284	1.050	0.025	1	1	8	5	5
26	2.719	1.050	0.025	1	1	8	5	5
27	3.262	1.050	0.025	1	1	8	5	5
28	0.853	0.350	0.038	1	2	4,4	2	1,1
29	1.016	0.350	0.038	1	2	4,4	2	1,1
30	1.219	0.350	0.038	1	2	4,4	2	1,1
31	1.588	0.700	0.038	1	2	4,4	2	1,1
32	1.891	0.700	0.038	1	2	4,4	2	1,1
33	2.269	0.700	0.038	1	2	4,4	2	1,1
34	2.323	1.050	0.038	1	1	8	5	5
35	2.766	1.050	0.038	1	1	8	5	5
36	3.319	1.050	0.038	1	1	8	5	5
37	0.892	0.350	0.050	1	2	4,4	2	1,1
38	1.062	0.350	0.050	1	2	4,4	2	1,1
39	1.275	0.350	0.050	1	2	4,4	2	1,1
40	1.628	0.700	0.050	1	2	4,4	2	1,1
41	1.938	0.700	0.050	1	2	4,4	2	1,1
42	2.325	0.700	0.050	1	2	4,4	2	1,1
43	2.362	1.050	0.050	1	1	8	3	3
44	2.812	1.050	0.050	1	1	8	3	3
45	3.375	1.050	0.050	1	1	8	3	3
46	0.745	0.350	0.003	1	2	4,4	2	1,1
47	0.887	0.350	0.003	1	2	4,4	2	1,1
48	1.064	0.350	0.003	1	2	4,4	2	1,1
49	1.480	0.700	0.003	1	2	4,4	2	1,1
50	1.762	0.700	0.003	1	2	4,4	2	1,1
51	2.114	0.700	0.003	1	2	4,4	2	1,1
52	2.215	1.050	0.003	1	1	8	5	5
53	2.637	1.050	0.003	1	1	8	5	5
54	3.164	1.050	0.003	1	1	8	5	5

SELECTED
M	2.225
m	1.050
tau	0.006
num_components	1
component_sizes	8
total_split_count	5
component_split_counts	5
newick_file	/Users/akim/Documents/projects/phylogenetics/distphylo/getforest/prune_deep_output_distance_8tips/main_M2.22469m1.05tau0.00625.nwk
selected_result_type	single_tree

SECONDARY_MOST_RESOLVED_FOREST
note	Primary answer is a single tree; this is the most-resolved compatible forest found.
resolution_note	Forest is less resolved than selected single tree by 3 nontrivial split(s).
M	0.755
m	0.350
tau	0.006
num_components	2
component_sizes	4,4
total_split_count	2
component_split_counts	1,1
newick_file	/Users/akim/Documents/projects/phylogenetics/distphylo/getforest/prune_deep_output_distance_8tips/forest_less_preferred_M0.754688m0.35tau0.00625.nwk
