Prune-Deep Forest alignment-only grid search
input	/Users/akim/Documents/projects/phylogenetics/distphylo/getforest/alignments/aln_4tips_k20_AB_CD.fa
taxa	4
sequence_length	20
distance_model	JC69
grid_mode	NJ-informed automatic
NJ_inferred_internal_branches	0.734
tau	median(NJ internal branches)/4=0.183; multipliers=[0.250,0.500,1.000,1.500,2.000]
tau_values_initial	0.046,0.092,0.183,0.275,0.367
tau_values_final	0.023,0.046,0.092,0.183,0.275,0.367
tau_refinement_rounds_used	1
m	NJ chord depth=0.991; multipliers=[0.500,1.000,1.500]
NJ_split_chord_depths	0.991
m_values	0.496,0.991,1.487
M	M_base=2*m+3*tau; multipliers=[1.050, 1.250, 1.500]
grid_points_initial_raw	45
grid_points_initial_discarded	12
grid_points_initial_tested	33
nj_tree	(D:0.474,B:0.214,(C:0.022,A:0.282)Inner1:0.734)Inner2:0.000;
theorem_condition	M>3*tau; m>3*tau; M>2*m+3*tau
selection	maximum total compatible nontrivial split_count; forest split_count is summed across components; tie -> fewer components, then earlier grid point
grid_points_raw_total	54
grid_points_discarded_by_theorem_filter	12
grid_points_tested	42
elapsed_seconds	0.005

grid_index	M	m	tau	split_compatible	num_components	component_sizes	total_split_count	component_split_counts
1	1.185	0.496	0.046	1	3	2,1,1	0	0,0,0
2	1.411	0.496	0.046	1	3	2,1,1	0	0,0,0
3	1.693	0.496	0.046	1	3	2,1,1	0	0,0,0
4	2.226	0.991	0.046	1	2	2,2	0	0,0
5	2.650	0.991	0.046	1	2	2,2	0	0,0
6	3.180	0.991	0.046	1	2	2,2	0	0,0
7	3.267	1.487	0.046	1	1	4	1	1
8	3.889	1.487	0.046	1	1	4	1	1
9	4.667	1.487	0.046	1	1	4	1	1
10	1.330	0.496	0.092	1	3	2,1,1	0	0,0,0
11	1.583	0.496	0.092	1	3	2,1,1	0	0,0,0
12	1.900	0.496	0.092	1	3	2,1,1	0	0,0,0
13	2.371	0.991	0.092	1	2	2,2	0	0,0
14	2.822	0.991	0.092	1	2	2,2	0	0,0
15	3.387	0.991	0.092	1	2	2,2	0	0,0
16	3.411	1.487	0.092	1	1	4	1	1
17	4.061	1.487	0.092	1	1	4	1	1
18	4.874	1.487	0.092	1	1	4	1	1
19	2.659	0.991	0.183	1	2	2,2	0	0,0
20	3.166	0.991	0.183	1	2	2,2	0	0,0
21	3.799	0.991	0.183	1	2	2,2	0	0,0
22	3.700	1.487	0.183	1	1	4	1	1
23	4.405	1.487	0.183	1	1	4	1	1
24	5.286	1.487	0.183	1	1	4	1	1
25	2.948	0.991	0.275	1	2	2,2	0	0,0
26	3.510	0.991	0.275	1	2	2,2	0	0,0
27	4.212	0.991	0.275	1	2	2,2	0	0,0
28	3.989	1.487	0.275	1	1	4	1	1
29	4.749	1.487	0.275	1	1	4	1	1
30	5.699	1.487	0.275	1	1	4	1	1
31	4.278	1.487	0.367	1	1	4	1	1
32	5.093	1.487	0.367	1	1	4	1	1
33	6.111	1.487	0.367	1	1	4	1	1
34	1.113	0.496	0.023	1	3	2,1,1	0	0,0,0
35	1.325	0.496	0.023	1	3	2,1,1	0	0,0,0
36	1.590	0.496	0.023	1	3	2,1,1	0	0,0,0
37	2.154	0.991	0.023	1	2	2,2	0	0,0
38	2.564	0.991	0.023	1	2	2,2	0	0,0
39	3.077	0.991	0.023	1	2	2,2	0	0,0
40	3.195	1.487	0.023	1	1	4	1	1
41	3.803	1.487	0.023	1	1	4	1	1
42	4.564	1.487	0.023	1	1	4	1	1

SELECTED
M	3.267
m	1.487
tau	0.046
num_components	1
component_sizes	4
total_split_count	1
component_split_counts	1
newick_file	/Users/akim/Documents/projects/phylogenetics/distphylo/getforest/prune_deep_output_4tips_k20/main_M3.26706m1.48698tau0.045844.nwk
selected_result_type	single_tree

SECONDARY_MOST_RESOLVED_FOREST
note	Primary answer is a single tree; this is the most-resolved compatible forest found.
resolution_note	Forest is less resolved than selected single tree by 1 nontrivial split(s).
M	2.226
m	0.991
tau	0.046
num_components	2
component_sizes	2,2
total_split_count	0
component_split_counts	0,0
newick_file	/Users/akim/Documents/projects/phylogenetics/distphylo/getforest/prune_deep_output_4tips_k20/forest_less_preferred_M2.22617m0.991317tau0.045844.nwk
