Prune-Deep Forest alignment-only grid search
input	/Users/akim/Documents/projects/phylogenetics/distphylo/getforest/alignments/aln_4tips_k200_AB_CD.fa
taxa	4
sequence_length	200
distance_model	JC69
grid_mode	NJ-informed automatic
NJ_inferred_internal_branches	0.061
tau	median(NJ internal branches)/4=0.015; multipliers=[0.250,0.500,1.000,1.500,2.000]
tau_values_initial	0.004,0.008,0.015,0.023,0.031
tau_values_final	0.002,0.004,0.008,0.015,0.023,0.031
tau_refinement_rounds_used	1
m	NJ chord depth=0.090; multipliers=[0.500,1.000,1.500]
NJ_split_chord_depths	0.090
m_values	0.045,0.090,0.135
M	M_base=2*m+3*tau; multipliers=[1.050, 1.250, 1.500]
grid_points_initial_raw	45
grid_points_initial_discarded	12
grid_points_initial_tested	33
nj_tree	((A:0.025,B:0.054)Inner1:0.061,C:0.027,D:0.004)Inner2:0.000;
theorem_condition	M>3*tau; m>3*tau; M>2*m+3*tau
selection	maximum total compatible nontrivial split_count; forest split_count is summed across components; tie -> fewer components, then earlier grid point
grid_points_raw_total	54
grid_points_discarded_by_theorem_filter	12
grid_points_tested	42
elapsed_seconds	0.005

grid_index	M	m	tau	split_compatible	num_components	component_sizes	total_split_count	component_split_counts
1	0.107	0.045	0.004	1	3	1,1,2	0	0,0,0
2	0.127	0.045	0.004	1	3	1,1,2	0	0,0,0
3	0.153	0.045	0.004	1	3	1,1,2	0	0,0,0
4	0.202	0.090	0.004	1	2	2,2	0	0,0
5	0.240	0.090	0.004	1	2	2,2	0	0,0
6	0.288	0.090	0.004	1	2	2,2	0	0,0
7	0.296	0.135	0.004	1	1	4	1	1
8	0.353	0.135	0.004	1	1	4	1	1
9	0.423	0.135	0.004	1	1	4	1	1
10	0.119	0.045	0.008	1	3	1,1,2	0	0,0,0
11	0.142	0.045	0.008	1	3	1,1,2	0	0,0,0
12	0.170	0.045	0.008	1	3	1,1,2	0	0,0,0
13	0.214	0.090	0.008	1	2	2,2	0	0,0
14	0.254	0.090	0.008	1	2	2,2	0	0,0
15	0.305	0.090	0.008	1	2	2,2	0	0,0
16	0.308	0.135	0.008	1	1	4	1	1
17	0.367	0.135	0.008	1	1	4	1	1
18	0.441	0.135	0.008	1	1	4	1	1
19	0.238	0.090	0.015	1	2	2,2	0	0,0
20	0.283	0.090	0.015	1	2	2,2	0	0,0
21	0.340	0.090	0.015	1	2	2,2	0	0,0
22	0.333	0.135	0.015	1	1	4	1	1
23	0.396	0.135	0.015	1	1	4	1	1
24	0.475	0.135	0.015	1	1	4	1	1
25	0.262	0.090	0.023	1	2	2,2	0	0,0
26	0.312	0.090	0.023	1	2	2,2	0	0,0
27	0.374	0.090	0.023	1	2	2,2	0	0,0
28	0.357	0.135	0.023	1	1	4	1	1
29	0.425	0.135	0.023	1	1	4	1	1
30	0.510	0.135	0.023	1	1	4	1	1
31	0.381	0.135	0.031	1	1	4	1	1
32	0.454	0.135	0.031	1	1	4	1	1
33	0.544	0.135	0.031	1	1	4	1	1
34	0.101	0.045	0.002	1	3	1,1,2	0	0,0,0
35	0.120	0.045	0.002	1	3	1,1,2	0	0,0,0
36	0.144	0.045	0.002	1	3	1,1,2	0	0,0,0
37	0.195	0.090	0.002	1	2	2,2	0	0,0
38	0.233	0.090	0.002	1	2	2,2	0	0,0
39	0.279	0.090	0.002	1	2	2,2	0	0,0
40	0.290	0.135	0.002	1	1	4	1	1
41	0.346	0.135	0.002	1	1	4	1	1
42	0.415	0.135	0.002	1	1	4	1	1

SELECTED
M	0.296
m	0.135
tau	0.004
num_components	1
component_sizes	4
total_split_count	1
component_split_counts	1
newick_file	/Users/akim/Documents/projects/phylogenetics/distphylo/getforest/prune_deep_output_4tips_k200/main_M0.296273m0.135322tau0.00384027.nwk
selected_result_type	single_tree

SECONDARY_MOST_RESOLVED_FOREST
note	Primary answer is a single tree; this is the most-resolved compatible forest found.
resolution_note	Forest is less resolved than selected single tree by 1 nontrivial split(s).
M	0.202
m	0.090
tau	0.004
num_components	2
component_sizes	2,2
total_split_count	0
component_split_counts	0,0
newick_file	/Users/akim/Documents/projects/phylogenetics/distphylo/getforest/prune_deep_output_4tips_k200/forest_less_preferred_M0.201548m0.0902146tau0.00384027.nwk
