Prune-Deep Forest alignment-only grid search
input	/Users/akim/Documents/projects/phylogenetics/distphylo/getforest/alignments/aln_20tips_k100.fa
taxa	20
sequence_length	100
distance_model	JC69
grid_mode	NJ-informed automatic
NJ_inferred_internal_branches	0.002,0.005,0.006,0.007,0.007,0.009,0.012,0.013,0.015,0.017,0.019,0.020,0.033,0.038,0.048,0.049,0.057
tau	median(NJ internal branches)/4=0.004; multipliers=[0.250,0.500,1.000,1.500,2.000]
tau_values_initial	0.001,0.002,0.004,0.006,0.008
tau_values_final	0.001,0.002,0.004,0.006,0.008
tau_refinement_rounds_used	0
m	NJ chord depth=0.096; multipliers=[0.500,1.000,1.500]
NJ_split_chord_depths	0.020,0.031,0.052,0.052,0.063,0.063,0.073,0.073,0.073,0.085,0.085,0.085,0.085,0.085,0.085,0.096,0.096
m_values	0.048,0.096,0.144
M	M_base=2*m+3*tau; multipliers=[1.050, 1.250, 1.500]
grid_points_initial_raw	45
grid_points_initial_discarded	0
grid_points_initial_tested	45
nj_tree	(((13:0.031,((((19:0.017,(18:0.072,17:0.071)Inner2:0.013)Inner3:0.049,((16:0.034,15:0.007)Inner1:0.057,14:-0.004)Inner5:0.019)Inner6:0.033,(0:0.025,(2:0.030,1:0.044)Inner11:0.007)Inner12:0.007)Inner13:0.020,((8:0.085,(7:0.024,6:0.028)Inner4:0.038)Inner9:0.006,((5:0.055,4:-0.003)Inner7:0.002,3:0.063)Inner8:0.017)Inner10:0.048)Inner14:0.012)Inner15:0.009,9:0.011)Inner16:0.015,(11:0.052,10:0.000)Inner17:0.005,12:0.016)Inner18:0.000;
theorem_condition	M>3*tau; m>3*tau; M>2*m+3*tau
selection	maximum total compatible nontrivial split_count; forest split_count is summed across components; tie -> fewer components, then earlier grid point
grid_points_raw_total	45
grid_points_discarded_by_theorem_filter	0
grid_points_tested	45
elapsed_seconds	0.156

grid_index	M	m	tau	split_compatible	num_components	component_sizes	total_split_count	component_split_counts
1	0.104	0.048	0.001	1	17	1,1,1,1,1,1,1,1,1,3,1,1,1,2,1,1,1	0	0,0,0,0,0,0,0,0,0,0,0,0,0,0,0,0,0
2	0.123	0.048	0.001	1	17	1,1,1,1,1,1,1,1,1,3,1,1,1,2,1,1,1	0	0,0,0,0,0,0,0,0,0,0,0,0,0,0,0,0,0
3	0.148	0.048	0.001	1	17	1,1,1,1,1,1,1,1,1,3,1,1,1,2,1,1,1	0	0,0,0,0,0,0,0,0,0,0,0,0,0,0,0,0,0
4	0.204	0.096	0.001	0	5	12,5,1,1,1	0	
5	0.243	0.096	0.001	0	5	12,5,1,1,1	0	
6	0.292	0.096	0.001	0	5	12,5,1,1,1	0	
7	0.305	0.144	0.001	0	1	20	0	
8	0.363	0.144	0.001	0	1	20	0	
9	0.436	0.144	0.001	0	1	20	0	
10	0.107	0.048	0.002	1	17	1,1,1,1,1,1,1,1,1,3,1,1,1,2,1,1,1	0	0,0,0,0,0,0,0,0,0,0,0,0,0,0,0,0,0
11	0.127	0.048	0.002	1	17	1,1,1,1,1,1,1,1,1,3,1,1,1,2,1,1,1	0	0,0,0,0,0,0,0,0,0,0,0,0,0,0,0,0,0
12	0.152	0.048	0.002	1	17	1,1,1,1,1,1,1,1,1,3,1,1,1,2,1,1,1	0	0,0,0,0,0,0,0,0,0,0,0,0,0,0,0,0,0
13	0.207	0.096	0.002	0	5	12,5,1,1,1	0	
14	0.247	0.096	0.002	0	5	12,5,1,1,1	0	
15	0.296	0.096	0.002	0	5	12,5,1,1,1	0	
16	0.308	0.144	0.002	0	1	20	0	
17	0.367	0.144	0.002	0	1	20	0	
18	0.440	0.144	0.002	0	1	20	0	
19	0.113	0.048	0.004	1	17	1,1,1,1,1,1,1,1,1,3,1,1,1,2,1,1,1	0	0,0,0,0,0,0,0,0,0,0,0,0,0,0,0,0,0
20	0.134	0.048	0.004	1	17	1,1,1,1,1,1,1,1,1,3,1,1,1,2,1,1,1	0	0,0,0,0,0,0,0,0,0,0,0,0,0,0,0,0,0
21	0.161	0.048	0.004	1	17	1,1,1,1,1,1,1,1,1,3,1,1,1,2,1,1,1	0	0,0,0,0,0,0,0,0,0,0,0,0,0,0,0,0,0
22	0.213	0.096	0.004	0	5	12,5,1,1,1	0	
23	0.254	0.096	0.004	0	5	12,5,1,1,1	0	
24	0.305	0.096	0.004	0	5	12,5,1,1,1	0	
25	0.314	0.144	0.004	0	1	20	0	
26	0.374	0.144	0.004	0	1	20	0	
27	0.449	0.144	0.004	0	1	20	0	
28	0.119	0.048	0.006	1	17	1,1,1,1,1,1,1,1,1,3,1,1,1,2,1,1,1	0	0,0,0,0,0,0,0,0,0,0,0,0,0,0,0,0,0
29	0.141	0.048	0.006	1	17	1,1,1,1,1,1,1,1,1,3,1,1,1,2,1,1,1	0	0,0,0,0,0,0,0,0,0,0,0,0,0,0,0,0,0
30	0.170	0.048	0.006	1	17	1,1,1,1,1,1,1,1,1,3,1,1,1,2,1,1,1	0	0,0,0,0,0,0,0,0,0,0,0,0,0,0,0,0,0
31	0.219	0.096	0.006	1	5	12,5,1,1,1	7	6,1,0,0,0
32	0.261	0.096	0.006	1	5	12,5,1,1,1	7	6,1,0,0,0
33	0.313	0.096	0.006	1	5	12,5,1,1,1	7	6,1,0,0,0
34	0.320	0.144	0.006	0	1	20	0	
35	0.381	0.144	0.006	0	1	20	0	
36	0.457	0.144	0.006	0	1	20	0	
37	0.125	0.048	0.008	1	17	1,1,1,1,1,1,1,1,1,3,1,1,1,2,1,1,1	0	0,0,0,0,0,0,0,0,0,0,0,0,0,0,0,0,0
38	0.148	0.048	0.008	1	17	1,1,1,1,1,1,1,1,1,3,1,1,1,2,1,1,1	0	0,0,0,0,0,0,0,0,0,0,0,0,0,0,0,0,0
39	0.178	0.048	0.008	1	17	1,1,1,1,1,1,1,1,1,3,1,1,1,2,1,1,1	0	0,0,0,0,0,0,0,0,0,0,0,0,0,0,0,0,0
40	0.225	0.096	0.008	1	5	12,5,1,1,1	7	6,1,0,0,0
41	0.268	0.096	0.008	1	5	12,5,1,1,1	7	6,1,0,0,0
42	0.322	0.096	0.008	1	5	12,5,1,1,1	7	6,1,0,0,0
43	0.326	0.144	0.008	0	1	20	0	
44	0.388	0.144	0.008	0	1	20	0	
45	0.466	0.144	0.008	0	1	20	0	

SELECTED
M	0.219
m	0.096
tau	0.006
num_components	5
component_sizes	12,5,1,1,1
total_split_count	7
component_split_counts	6,1,0,0,0
newick_file	/Users/akim/Documents/projects/phylogenetics/distphylo/getforest/prune_deep_output_20tips_k100/main_M0.219344m0.095875tau0.00571627.nwk
selected_result_type	forest
