Prune-Deep Forest alignment-only grid search
input	/Users/akim/Documents/projects/phylogenetics/distphylo/getforest/example_alignment.fa
taxa	8
sequence_length	400
distance_model	JC69
grid_mode	custom
custom_M_values	1.500,2.000
custom_m_values	0.200,0.400,0.600
custom_tau_values	0.005,0.020
nj_tree	(((A1:0.004,A2:0.014)Inner1:0.032,(A4:0.007,A3:0.016)Inner2:0.029)Inner3:0.615,(B2:0.017,B1:0.006)Inner5:0.029,(B4:0.011,B3:0.012)Inner4:0.030)Inner6:0.000;
theorem_condition	M>3*tau; m>3*tau; M>2*m+3*tau
selection	maximum total compatible nontrivial split_count; forest split_count is summed across components; tie -> fewer components, then earlier grid point
grid_points_raw_total	12
grid_points_discarded_by_theorem_filter	0
grid_points_tested	12
elapsed_seconds	0.011

grid_index	M	m	tau	split_compatible	num_components	component_sizes	total_split_count	component_split_counts
1	1.500	0.200	0.005	1	2	4,4	2	1,1
2	1.500	0.200	0.020	1	2	4,4	2	1,1
3	1.500	0.400	0.005	1	2	4,4	2	1,1
4	1.500	0.400	0.020	1	2	4,4	2	1,1
5	1.500	0.600	0.005	1	2	4,4	2	1,1
6	1.500	0.600	0.020	1	2	4,4	2	1,1
7	2.000	0.200	0.005	1	2	4,4	2	1,1
8	2.000	0.200	0.020	1	2	4,4	2	1,1
9	2.000	0.400	0.005	1	2	4,4	2	1,1
10	2.000	0.400	0.020	1	2	4,4	2	1,1
11	2.000	0.600	0.005	1	2	4,4	2	1,1
12	2.000	0.600	0.020	1	2	4,4	2	1,1

SELECTED
M	1.500
m	0.200
tau	0.005
num_components	2
component_sizes	4,4
total_split_count	2
component_split_counts	1,1
newick_file	/Users/akim/Documents/projects/phylogenetics/distphylo/getforest/prune_deep_output_example/main_M1.5m0.2tau0.005.nwk
selected_result_type	forest
